2025-12-31 01:44:17,218 [INFO] Real AI Model (Random Forest) initialized.
2025-12-31 01:44:24,719 [INFO] Connected. Balance: 2254.26
2025-12-31 01:44:27,543 [INFO] REAL AI Bot STARTED.
2025-12-31 01:44:27,794 [INFO] Training AI on 950 historical candles...
2025-12-31 01:44:28,038 [INFO] AI Training Complete. Model is ready to predict.
2025-12-31 01:44:28,044 [INFO] AI Prediction: Probability UP = 0.67 (Price: 4532.554)
2025-12-31 01:44:28,044 [INFO] AI Signals BUY (Confidence: 0.67)
2025-12-31 01:44:28,324 [INFO] OPENED BUY @ 4343.881
2025-12-31 01:45:43,787 [INFO] Bot stopping...
2025-12-31 01:45:43,787 [INFO] MT5 Closed.
2025-12-31 01:45:51,180 [INFO] Real AI Model (Random Forest) initialized.
2025-12-31 01:45:51,201 [INFO] Connected. Balance: 2254.26
2025-12-31 01:45:51,959 [INFO] REAL AI Bot STARTED.
2025-12-31 02:03:08,345 [INFO] SL Moved for 460561350 -> 4344.381
2025-12-31 02:03:19,666 [INFO] SL Moved for 460561350 -> 4344.774
2025-12-31 02:03:20,411 [INFO] CLOSED 460561350. Profit: 17.75.
2025-12-31 02:03:21,695 [INFO] Training AI on 950 historical candles...
2025-12-31 02:03:21,905 [INFO] AI Training Complete. Model is ready to predict.
2025-12-31 02:03:21,910 [INFO] AI Prediction: Probability UP = 0.39 (Price: 4346.836)
2025-12-31 02:03:21,910 [INFO] AI Signals SELL (Confidence: 0.61)
2025-12-31 02:03:22,172 [INFO] OPENED SELL @ 4347.012
2025-12-31 02:03:27,395 [INFO] CLOSED 460599872. Profit: 27.4.
2025-12-31 02:03:32,402 [ERROR] Failed to send Telegram message: HTTPSConnectionPool(host='api.telegram.org', port=443): Max retries exceeded with url: /bot8423946950:AAEGBdt6Zv5DbovecaeAvciSJ2mpFgasi0U/sendMessage (Caused by ConnectTimeoutError(<urllib3.connection.HTTPSConnection object at 0x0000026DDC817250>, 'Connection to api.telegram.org timed out. (connect timeout=5)'))
2025-12-31 02:14:58,739 [INFO] AI Prediction: Probability UP = 0.46 (Price: 4353.464)
2025-12-31 02:14:58,739 [INFO] AI is uncertain. No trade.
2025-12-31 02:29:59,126 [INFO] AI Prediction: Probability UP = 0.40 (Price: 4354.774)
2025-12-31 02:29:59,127 [INFO] AI is uncertain. No trade.
2025-12-31 02:44:59,045 [INFO] AI Prediction: Probability UP = 0.54 (Price: 4368.737)
2025-12-31 02:44:59,045 [INFO] AI is uncertain. No trade.
2025-12-31 02:59:58,964 [INFO] AI Prediction: Probability UP = 0.47 (Price: 4366.452)
2025-12-31 02:59:58,964 [INFO] AI is uncertain. No trade.
2025-12-31 03:14:59,714 [INFO] AI Prediction: Probability UP = 0.48 (Price: 4362.3)
2025-12-31 03:14:59,715 [INFO] AI is uncertain. No trade.
2025-12-31 03:29:59,105 [INFO] AI Prediction: Probability UP = 0.52 (Price: 4360.918)
2025-12-31 03:29:59,106 [INFO] AI is uncertain. No trade.
2025-12-31 03:44:59,019 [INFO] AI Prediction: Probability UP = 0.50 (Price: 4369.939)
2025-12-31 03:44:59,019 [INFO] AI is uncertain. No trade.
2025-12-31 03:59:58,992 [INFO] AI Prediction: Probability UP = 0.44 (Price: 4348.805)
2025-12-31 03:59:58,992 [INFO] AI is uncertain. No trade.
2025-12-31 04:14:59,405 [INFO] AI Prediction: Probability UP = 0.39 (Price: 4359.474)
2025-12-31 04:14:59,406 [INFO] AI Signals SELL (Confidence: 0.61)
2025-12-31 04:14:59,637 [INFO] OPENED SELL @ 4359.474
2025-12-31 04:15:03,496 [INFO] CLOSED 460926632. Profit: 20.3.
2025-12-31 04:29:59,046 [INFO] AI Prediction: Probability UP = 0.45 (Price: 4348.864)
2025-12-31 04:29:59,047 [INFO] AI is uncertain. No trade.
2025-12-31 04:44:59,526 [INFO] AI Prediction: Probability UP = 0.48 (Price: 4351.844)
2025-12-31 04:44:59,526 [INFO] AI is uncertain. No trade.
2025-12-31 04:59:59,028 [INFO] AI Prediction: Probability UP = 0.44 (Price: 4348.629)
2025-12-31 04:59:59,029 [INFO] AI is uncertain. No trade.
2025-12-31 05:14:59,515 [INFO] AI Prediction: Probability UP = 0.45 (Price: 4348.397)
2025-12-31 05:14:59,516 [INFO] AI is uncertain. No trade.
2025-12-31 05:29:59,022 [INFO] AI Prediction: Probability UP = 0.53 (Price: 4346.548)
2025-12-31 05:29:59,022 [INFO] AI is uncertain. No trade.
2025-12-31 05:44:59,515 [INFO] AI Prediction: Probability UP = 0.45 (Price: 4343.47)
2025-12-31 05:44:59,516 [INFO] AI is uncertain. No trade.
2025-12-31 05:59:59,441 [INFO] AI Prediction: Probability UP = 0.55 (Price: 4332.844)
2025-12-31 05:59:59,441 [INFO] AI is uncertain. No trade.
2025-12-31 06:14:59,369 [INFO] AI Prediction: Probability UP = 0.53 (Price: 4334.52)
2025-12-31 06:14:59,369 [INFO] AI is uncertain. No trade.
2025-12-31 06:29:59,350 [INFO] AI Prediction: Probability UP = 0.45 (Price: 4343.016)
2025-12-31 06:29:59,350 [INFO] AI is uncertain. No trade.
2025-12-31 06:44:59,795 [INFO] AI Prediction: Probability UP = 0.53 (Price: 4325.034)
2025-12-31 06:44:59,796 [INFO] AI is uncertain. No trade.
2025-12-31 06:59:59,198 [INFO] AI Prediction: Probability UP = 0.63 (Price: 4285.838)
2025-12-31 06:59:59,199 [INFO] AI Signals BUY (Confidence: 0.63)
2025-12-31 06:59:59,437 [INFO] OPENED BUY @ 4285.998
2025-12-31 07:00:03,506 [INFO] CLOSED 461525761. Profit: 35.7.
2025-12-31 07:14:59,127 [INFO] AI Prediction: Probability UP = 0.63 (Price: 4299.063)
2025-12-31 07:14:59,127 [INFO] AI Signals BUY (Confidence: 0.63)
2025-12-31 07:14:59,357 [INFO] OPENED BUY @ 4299.189
2025-12-31 07:15:07,726 [INFO] CLOSED 461625164. Profit: 35.75.
2025-12-31 07:29:59,330 [INFO] AI Prediction: Probability UP = 0.64 (Price: 4307.441)
2025-12-31 07:29:59,331 [INFO] AI Signals BUY (Confidence: 0.64)
2025-12-31 07:29:59,574 [INFO] OPENED BUY @ 4307.601
2025-12-31 07:30:56,667 [INFO] CLOSED 461701455. Profit: 41.9.
2025-12-31 07:44:59,992 [INFO] AI Prediction: Probability UP = 0.59 (Price: 4314.785)
2025-12-31 07:44:59,993 [INFO] AI is uncertain. No trade.
2025-12-31 07:59:59,451 [INFO] AI Prediction: Probability UP = 0.63 (Price: 4328.288)
2025-12-31 07:59:59,452 [INFO] AI Signals BUY (Confidence: 0.63)
2025-12-31 07:59:59,714 [INFO] OPENED BUY @ 4328.448
2025-12-31 08:00:15,968 [INFO] CLOSED 461836537. Profit: 25.35.
2025-12-31 08:14:59,568 [INFO] AI Prediction: Probability UP = 0.59 (Price: 4330.756)
2025-12-31 08:14:59,568 [INFO] AI is uncertain. No trade.
2025-12-31 08:29:59,518 [INFO] AI Prediction: Probability UP = 0.60 (Price: 4333.242)
2025-12-31 08:29:59,519 [INFO] AI Signals BUY (Confidence: 0.60)
2025-12-31 08:29:59,787 [INFO] OPENED BUY @ 4333.402
2025-12-31 08:34:36,183 [INFO] CLOSED 461962929. Profit: 16.65.
2025-12-31 08:45:00,495 [INFO] AI Prediction: Probability UP = 0.61 (Price: 4332.246)
2025-12-31 08:45:00,495 [INFO] AI Signals BUY (Confidence: 0.61)
2025-12-31 08:45:00,715 [INFO] OPENED BUY @ 4332.406
2025-12-31 08:46:20,342 [INFO] CLOSED 462011784. Profit: 15.6.
2025-12-31 08:59:59,699 [INFO] AI Prediction: Probability UP = 0.72 (Price: 4329.954)
2025-12-31 08:59:59,700 [INFO] AI Signals BUY (Confidence: 0.72)
2025-12-31 08:59:59,931 [INFO] OPENED BUY @ 4330.114
2025-12-31 09:00:02,194 [INFO] CLOSED 462066442. Profit: 98.25.
2025-12-31 09:14:59,375 [INFO] AI Prediction: Probability UP = 0.65 (Price: 4322.992)
2025-12-31 09:14:59,375 [INFO] AI Signals BUY (Confidence: 0.65)
2025-12-31 09:14:59,612 [INFO] OPENED BUY @ 4323.152
2025-12-31 09:15:17,041 [INFO] CLOSED 462138031. Profit: 16.35.
2025-12-31 09:30:00,676 [INFO] AI Prediction: Probability UP = 0.62 (Price: 4326.171)
2025-12-31 09:30:00,676 [INFO] AI Signals BUY (Confidence: 0.62)
2025-12-31 09:30:00,917 [INFO] OPENED BUY @ 4326.331
2025-12-31 10:24:04,984 [INFO] AI Prediction: Probability UP = 0.49 (Price: 4319.92)
2025-12-31 10:24:04,985 [INFO] AI is uncertain. No trade.
2025-12-31 10:26:56,161 [INFO] CLOSED 462208155. Profit: 15.5.
2025-12-31 10:27:01,216 [ERROR] Failed to send Telegram message: HTTPSConnectionPool(host='api.telegram.org', port=443): Max retries exceeded with url: /bot8423946950:AAEGBdt6Zv5DbovecaeAvciSJ2mpFgasi0U/sendMessage (Caused by ConnectTimeoutError(<urllib3.connection.HTTPSConnection object at 0x0000026DDC817610>, 'Connection to api.telegram.org timed out. (connect timeout=5)'))
2025-12-31 10:29:59,710 [INFO] AI Prediction: Probability UP = 0.55 (Price: 4323.609)
2025-12-31 10:29:59,710 [INFO] AI is uncertain. No trade.
2025-12-31 10:45:00,011 [INFO] AI Prediction: Probability UP = 0.58 (Price: 4336.162)
2025-12-31 10:45:00,011 [INFO] AI is uncertain. No trade.
2025-12-31 10:59:59,707 [INFO] AI Prediction: Probability UP = 0.56 (Price: 4326.257)
2025-12-31 10:59:59,708 [INFO] AI is uncertain. No trade.
2025-12-31 11:14:59,884 [INFO] AI Prediction: Probability UP = 0.61 (Price: 4327.034)
2025-12-31 11:14:59,885 [INFO] AI Signals BUY (Confidence: 0.61)
2025-12-31 11:15:00,207 [INFO] OPENED BUY @ 4327.194
2025-12-31 11:15:41,772 [INFO] CLOSED 462696593. Profit: 16.65.
2025-12-31 11:34:25,220 [INFO] AI Prediction: Probability UP = 0.68 (Price: 4308.639)
2025-12-31 11:34:25,221 [INFO] AI Signals BUY (Confidence: 0.68)
2025-12-31 11:34:25,464 [INFO] OPENED BUY @ 4308.799
2025-12-31 11:34:38,514 [INFO] CLOSED 462797392. Profit: 21.05.
2025-12-31 11:45:00,550 [INFO] AI Prediction: Probability UP = 0.75 (Price: 4307.411)
2025-12-31 11:45:00,551 [INFO] AI Signals BUY (Confidence: 0.75)
2025-12-31 11:45:00,806 [INFO] OPENED BUY @ 4307.571
2025-12-31 11:45:26,915 [INFO] CLOSED 462850303. Profit: 23.85.
2025-12-31 12:00:00,422 [INFO] AI Prediction: Probability UP = 0.71 (Price: 4306.518)
2025-12-31 12:00:00,423 [INFO] AI Signals BUY (Confidence: 0.71)
2025-12-31 12:00:00,662 [INFO] OPENED BUY @ 4306.678
2025-12-31 12:00:06,680 [INFO] CLOSED 462930544. Profit: 20.2.
2025-12-31 12:15:00,573 [INFO] AI Prediction: Probability UP = 0.64 (Price: 4314.542)
2025-12-31 12:15:00,573 [INFO] AI Signals BUY (Confidence: 0.64)
2025-12-31 12:15:00,800 [INFO] OPENED BUY @ 4314.6
2025-12-31 12:15:08,167 [INFO] CLOSED 463027293. Profit: 18.35.
2025-12-31 12:30:00,331 [INFO] AI Prediction: Probability UP = 0.75 (Price: 4311.235)
2025-12-31 12:30:00,332 [INFO] AI Signals BUY (Confidence: 0.75)
2025-12-31 12:30:00,587 [INFO] OPENED BUY @ 4311.395
2025-12-31 12:30:05,690 [ERROR] Failed to send Telegram message: HTTPSConnectionPool(host='api.telegram.org', port=443): Max retries exceeded with url: /bot8423946950:AAEGBdt6Zv5DbovecaeAvciSJ2mpFgasi0U/sendMessage (Caused by ConnectTimeoutError(<urllib3.connection.HTTPSConnection object at 0x0000026DDC816E90>, 'Connection to api.telegram.org timed out. (connect timeout=5)'))
2025-12-31 12:30:07,166 [INFO] CLOSED 463094877. Profit: 30.8.
2025-12-31 12:45:00,378 [INFO] AI Prediction: Probability UP = 0.71 (Price: 4312.852)
2025-12-31 12:45:00,379 [INFO] AI Signals BUY (Confidence: 0.71)
2025-12-31 12:45:00,600 [INFO] OPENED BUY @ 4313.012
2025-12-31 12:45:08,911 [INFO] CLOSED 463162245. Profit: 16.6.
2025-12-31 13:00:00,508 [INFO] AI Prediction: Probability UP = 0.76 (Price: 4310.943)
2025-12-31 13:00:00,508 [INFO] AI Signals BUY (Confidence: 0.76)
2025-12-31 13:00:00,771 [INFO] OPENED BUY @ 4311.103
2025-12-31 13:01:00,238 [INFO] CLOSED 463229553. Profit: 16.5.
2025-12-31 13:04:39,192 [INFO] CLOSED 463248233. Profit: 41.7.
2025-12-31 13:05:01,487 [INFO] CLOSED 463249077. Profit: 15.9.
2025-12-31 13:05:12,276 [INFO] CLOSED 463250695. Profit: 23.8.
2025-12-31 13:07:02,910 [INFO] CLOSED 463260016. Profit: 20.0.
2025-12-31 13:07:07,928 [ERROR] Failed to send Telegram message: HTTPSConnectionPool(host='api.telegram.org', port=443): Max retries exceeded with url: /bot8423946950:AAEGBdt6Zv5DbovecaeAvciSJ2mpFgasi0U/sendMessage (Caused by ConnectTimeoutError(<urllib3.connection.HTTPSConnection object at 0x0000026DDC90DA90>, 'Connection to api.telegram.org timed out. (connect timeout=5)'))
2025-12-31 13:09:09,674 [INFO] CLOSED 463269853. Profit: 37.8.
2025-12-31 13:15:02,603 [INFO] AI Prediction: Probability UP = 0.62 (Price: 4308.878)
2025-12-31 13:15:02,603 [INFO] AI Signals BUY (Confidence: 0.62)
2025-12-31 13:15:02,860 [INFO] OPENED BUY @ 4309.038
2025-12-31 13:15:53,579 [INFO] CLOSED 463293142. Profit: 24.8.
2025-12-31 13:30:00,689 [INFO] AI Prediction: Probability UP = 0.66 (Price: 4306.698)
2025-12-31 13:30:00,689 [INFO] AI Signals BUY (Confidence: 0.66)
2025-12-31 13:30:00,951 [INFO] OPENED BUY @ 4306.858
2025-12-31 13:30:05,742 [INFO] CLOSED 463361329. Profit: 16.5.
2025-12-31 13:45:00,526 [INFO] AI Prediction: Probability UP = 0.62 (Price: 4317.372)
2025-12-31 13:45:00,527 [INFO] AI Signals BUY (Confidence: 0.62)
2025-12-31 13:45:00,746 [INFO] OPENED BUY @ 4317.532
2025-12-31 14:21:30,548 [INFO] CLOSED 463427668. Profit: 15.35.
2025-12-31 14:21:33,744 [INFO] AI Prediction: Probability UP = 0.66 (Price: 4318.639)
2025-12-31 14:21:33,744 [INFO] AI Signals BUY (Confidence: 0.66)
2025-12-31 14:21:33,972 [INFO] OPENED BUY @ 4318.799
2025-12-31 14:21:41,878 [INFO] CLOSED 463580947. Profit: 15.8.
2025-12-31 14:30:00,449 [INFO] AI Prediction: Probability UP = 0.51 (Price: 4328.294)
2025-12-31 14:30:00,450 [INFO] AI is uncertain. No trade.
2025-12-31 14:45:01,325 [INFO] AI Prediction: Probability UP = 0.62 (Price: 4333.283)
2025-12-31 14:45:01,325 [INFO] AI Signals BUY (Confidence: 0.62)
2025-12-31 14:45:01,556 [INFO] OPENED BUY @ 4333.443
2025-12-31 14:45:04,313 [INFO] CLOSED 463720964. Profit: 15.85.
2025-12-31 15:00:00,496 [INFO] AI Prediction: Probability UP = 0.54 (Price: 4345.785)
2025-12-31 15:00:00,497 [INFO] AI is uncertain. No trade.
2025-12-31 15:15:00,343 [INFO] AI Prediction: Probability UP = 0.49 (Price: 4340.297)
2025-12-31 15:15:00,344 [INFO] AI is uncertain. No trade.
2025-12-31 15:24:38,157 [INFO] CLOSED 463978009. Profit: 32.2.
2025-12-31 15:25:31,550 [INFO] CLOSED 463982576. Profit: 18.7.
2025-12-31 15:25:42,668 [INFO] CLOSED 463983449. Profit: 17.9.
2025-12-31 15:26:14,988 [INFO] CLOSED 463985084. Profit: 28.4.
2025-12-31 15:26:16,571 [INFO] CLOSED 463985516. Profit: 56.3.
2025-12-31 15:26:59,808 [INFO] CLOSED 463990169. Profit: 15.5.
2025-12-31 15:30:00,554 [INFO] AI Prediction: Probability UP = 0.71 (Price: 4336.204)
2025-12-31 15:30:00,555 [INFO] AI Signals BUY (Confidence: 0.71)
2025-12-31 15:30:00,822 [INFO] OPENED BUY @ 4336.364
2025-12-31 15:30:04,239 [INFO] CLOSED 464006280. Profit: 20.05.
2025-12-31 15:45:00,392 [INFO] AI Prediction: Probability UP = 0.39 (Price: 4344.442)
2025-12-31 15:45:00,393 [INFO] AI Signals SELL (Confidence: 0.61)
2025-12-31 15:45:00,626 [INFO] OPENED SELL @ 4344.442
2025-12-31 15:45:06,465 [INFO] CLOSED 464100680. Profit: 28.05.
2025-12-31 15:54:50,013 [INFO] CLOSED 464157068. Profit: 30.8.
2025-12-31 15:55:06,701 [INFO] CLOSED 464162367. Profit: 26.7.
2025-12-31 15:55:29,963 [INFO] CLOSED 464163755. Profit: 27.4.
2025-12-31 15:56:01,751 [INFO] CLOSED 464171111. Profit: 36.5.
2025-12-31 15:56:02,817 [INFO] CLOSED 464171556. Profit: 19.9.
2025-12-31 15:56:04,013 [INFO] SL Moved for 464171593 -> 4351.905
2025-12-31 15:56:04,743 [INFO] CLOSED 464171593. Profit: 168.6.
2025-12-31 15:56:05,789 [INFO] CLOSED 464171665. Profit: 146.4.
2025-12-31 15:56:26,415 [INFO] CLOSED 464173700. Profit: 20.4.
2025-12-31 15:56:27,507 [INFO] CLOSED 464173734. Profit: 23.4.
2025-12-31 15:56:29,697 [INFO] CLOSED 464173667. Profit: 18.9.
2025-12-31 15:56:51,901 [INFO] CLOSED 464176277. Profit: 31.6.
2025-12-31 15:57:48,676 [INFO] CLOSED 464185042. Profit: 30.0.
2025-12-31 15:57:53,757 [INFO] CLOSED 464185224. Profit: 36.7.
2025-12-31 15:57:56,801 [INFO] CLOSED 464186090. Profit: 84.4.
2025-12-31 15:57:57,783 [INFO] CLOSED 464186113. Profit: 33.7.
2025-12-31 15:58:03,415 [INFO] CLOSED 464186228. Profit: 15.1.
2025-12-31 15:58:04,981 [INFO] CLOSED 464186472. Profit: 16.4.
2025-12-31 15:58:06,078 [INFO] CLOSED 464186480. Profit: 16.4.
2025-12-31 15:58:07,065 [INFO] CLOSED 464186503. Profit: 16.4.
2025-12-31 15:58:08,266 [INFO] CLOSED 464186511. Profit: 16.4.
2025-12-31 15:58:09,308 [INFO] CLOSED 464186516. Profit: 16.4.
2025-12-31 15:58:32,461 [INFO] CLOSED 464190059. Profit: 15.5.
2025-12-31 15:58:54,062 [INFO] CLOSED 464191929. Profit: 18.0.
2025-12-31 15:58:55,061 [INFO] CLOSED 464191938. Profit: 26.0.
2025-12-31 15:58:59,173 [INFO] CLOSED 464192198. Profit: 16.4.
2025-12-31 15:59:00,714 [INFO] CLOSED 464192176. Profit: 40.7.
2025-12-31 15:59:01,818 [INFO] CLOSED 464192190. Profit: 40.7.
2025-12-31 15:59:05,906 [INFO] CLOSED 464192645. Profit: 34.9.
2025-12-31 15:59:07,049 [INFO] CLOSED 464192657. Profit: 34.9.
2025-12-31 15:59:08,113 [INFO] CLOSED 464192680. Profit: 34.9.
2025-12-31 15:59:09,218 [INFO] CLOSED 464192699. Profit: 34.9.
2025-12-31 15:59:14,310 [INFO] CLOSED 464192875. Profit: 15.1.
2025-12-31 15:59:15,857 [INFO] CLOSED 464192897. Profit: 31.8.
2025-12-31 15:59:16,944 [INFO] CLOSED 464192919. Profit: 31.8.
2025-12-31 15:59:17,918 [INFO] CLOSED 464192926. Profit: 35.4.
2025-12-31 15:59:21,611 [INFO] CLOSED 464192473. Profit: 31.5.
2025-12-31 15:59:22,645 [INFO] CLOSED 464192479. Profit: 31.5.
2025-12-31 15:59:23,880 [INFO] CLOSED 464192483. Profit: 31.5.
2025-12-31 15:59:27,480 [INFO] CLOSED 464194048. Profit: 23.9.
2025-12-31 15:59:28,661 [INFO] CLOSED 464194097. Profit: 34.4.
2025-12-31 15:59:29,670 [INFO] CLOSED 464194107. Profit: 30.6.
2025-12-31 15:59:30,674 [INFO] CLOSED 464194111. Profit: 30.6.
2025-12-31 15:59:50,339 [INFO] CLOSED 464196821. Profit: 27.4.
2025-12-31 15:59:51,371 [INFO] CLOSED 464196836. Profit: 23.7.
2025-12-31 15:59:52,368 [INFO] CLOSED 464196845. Profit: 19.4.
2025-12-31 15:59:54,006 [INFO] CLOSED 464196798. Profit: 77.3.
2025-12-31 15:59:55,620 [INFO] CLOSED 464197077. Profit: 17.3.
2025-12-31 15:59:57,135 [INFO] CLOSED 464197089. Profit: 48.3.
2025-12-31 15:59:58,306 [INFO] CLOSED 464197256. Profit: 22.7.
2025-12-31 15:59:59,383 [INFO] CLOSED 464197270. Profit: 26.0.
2025-12-31 16:00:01,043 [INFO] CLOSED 464197140. Profit: 120.6.
2025-12-31 16:00:02,079 [INFO] CLOSED 464197228. Profit: 119.7.
2025-12-31 16:00:03,460 [INFO] AI Prediction: Probability UP = 0.40 (Price: 4345.47)
2025-12-31 16:00:03,460 [INFO] AI is uncertain. No trade.
2025-12-31 16:00:12,758 [INFO] CLOSED 464199636. Profit: 40.5.
2025-12-31 16:00:13,777 [INFO] CLOSED 464199663. Profit: 40.5.
2025-12-31 16:00:14,885 [INFO] CLOSED 464199720. Profit: 40.5.
2025-12-31 16:00:15,922 [INFO] CLOSED 464199748. Profit: 40.5.
2025-12-31 16:15:00,640 [INFO] AI Prediction: Probability UP = 0.56 (Price: 4331.622)
2025-12-31 16:15:00,641 [INFO] AI is uncertain. No trade.
2025-12-31 16:15:32,787 [INFO] Bot stopping...
2025-12-31 16:15:32,788 [INFO] MT5 Closed.
2025-12-31 16:15:52,549 [INFO] Real AI Model (Random Forest) initialized.
2025-12-31 16:15:52,584 [INFO] Connected. Balance: 4281.65
2025-12-31 16:15:53,535 [INFO] REAL AI Bot STARTED.
2025-12-31 16:15:53,547 [INFO] Training AI on 950 historical candles...
2025-12-31 16:15:53,811 [INFO] AI Training Complete. Model is ready to predict.
2025-12-31 16:15:53,818 [INFO] AI Prediction: Probability UP = 0.54 (Price: 4332.401)
2025-12-31 16:15:53,819 [INFO] AI is uncertain. No trade.
2025-12-31 16:30:00,422 [INFO] AI Prediction: Probability UP = 0.46 (Price: 4337.246)
2025-12-31 16:30:00,422 [INFO] AI is uncertain. No trade.
2025-12-31 16:45:00,325 [INFO] AI Prediction: Probability UP = 0.45 (Price: 4330.642)
2025-12-31 16:45:00,326 [INFO] AI is uncertain. No trade.
2025-12-31 17:00:00,746 [INFO] AI Prediction: Probability UP = 0.45 (Price: 4337.535)
2025-12-31 17:00:00,747 [INFO] AI is uncertain. No trade.
2025-12-31 17:41:56,782 [INFO] AI Prediction: Probability UP = 0.62 (Price: 4321.372)
2025-12-31 17:41:56,782 [INFO] AI Signals BUY (Confidence: 0.62)
2025-12-31 17:41:57,087 [INFO] OPENED BUY @ 4321.532
2025-12-31 17:43:04,442 [INFO] CLOSED 464751597. Profit: 20.4.
2025-12-31 17:45:00,875 [INFO] AI Prediction: Probability UP = 0.36 (Price: 4319.776)
2025-12-31 17:45:00,875 [INFO] AI Signals SELL (Confidence: 0.64)
2025-12-31 17:45:01,105 [INFO] OPENED SELL @ 4319.776
2025-12-31 17:45:05,711 [INFO] CLOSED 464763265. Profit: 22.85.
2025-12-31 18:00:00,745 [INFO] CLOSED 464828608. Profit: 27.8.
2025-12-31 18:00:02,096 [INFO] CLOSED 464828609. Profit: 27.8.
2025-12-31 18:00:03,278 [INFO] CLOSED 464828610. Profit: 27.8.
2025-12-31 18:00:04,725 [INFO] AI Prediction: Probability UP = 0.38 (Price: 4323.391)
2025-12-31 18:00:04,726 [INFO] AI Signals SELL (Confidence: 0.62)
2025-12-31 18:00:04,965 [INFO] OPENED SELL @ 4323.391
2025-12-31 18:00:07,405 [INFO] CLOSED 464829908. Profit: 32.3.
2025-12-31 18:00:12,154 [INFO] CLOSED 464830700. Profit: 18.0.
2025-12-31 18:00:13,346 [INFO] CLOSED 464830806. Profit: 18.0.
2025-12-31 18:00:14,584 [INFO] CLOSED 464830819. Profit: 18.0.
2025-12-31 18:00:31,533 [INFO] CLOSED 464831955. Profit: 15.5.
2025-12-31 18:00:32,804 [INFO] CLOSED 464831962. Profit: 15.5.
2025-12-31 18:00:34,028 [INFO] CLOSED 464831966. Profit: 15.5.
2025-12-31 18:00:35,314 [INFO] CLOSED 464832067. Profit: 23.7.
2025-12-31 18:00:37,050 [INFO] CLOSED 464831945. Profit: 44.6.
2025-12-31 18:00:38,295 [INFO] CLOSED 464832085. Profit: 28.7.
2025-12-31 18:00:39,548 [INFO] CLOSED 464832098. Profit: 28.7.
2025-12-31 18:00:40,836 [INFO] CLOSED 464832105. Profit: 26.2.
2025-12-31 18:00:42,707 [INFO] CLOSED 464830850. Profit: 62.9.
2025-12-31 18:00:44,241 [INFO] CLOSED 464830979. Profit: 65.2.
2025-12-31 18:00:52,549 [INFO] CLOSED 464833717. Profit: 60.6.
2025-12-31 18:00:53,682 [INFO] CLOSED 464833719. Profit: 60.6.
2025-12-31 18:00:54,873 [INFO] CLOSED 464833749. Profit: 43.7.
2025-12-31 18:00:56,108 [INFO] CLOSED 464833879. Profit: 43.7.
2025-12-31 18:00:57,312 [INFO] CLOSED 464833895. Profit: 43.7.
2025-12-31 18:00:58,663 [INFO] CLOSED 464833918. Profit: 43.7.
2025-12-31 18:15:00,651 [INFO] AI Prediction: Probability UP = 0.59 (Price: 4323.464)
2025-12-31 18:15:00,651 [INFO] AI is uncertain. No trade.
2025-12-31 18:16:39,796 [INFO] CLOSED 464906542. Profit: 39.7.
2025-12-31 18:16:42,789 [INFO] CLOSED 464906549. Profit: 39.7.
2025-12-31 18:16:54,989 [INFO] CLOSED 464906749. Profit: 16.4.
2025-12-31 18:17:14,221 [INFO] CLOSED 464909364. Profit: 15.8.
2025-12-31 18:19:59,865 [CRITICAL] STOP: Equity dropped below 50%! Emergency Halt.
2025-12-31 18:20:01,046 [INFO] CLOSED 464913003. Profit: -204.5.
2025-12-31 18:20:02,103 [INFO] CLOSED 464913006. Profit: -204.5.
2025-12-31 18:20:03,309 [INFO] CLOSED 464913011. Profit: -204.5.
2025-12-31 18:20:04,410 [INFO] CLOSED 464913016. Profit: -204.5.
2025-12-31 18:20:05,600 [INFO] CLOSED 464913017. Profit: -204.5.
2025-12-31 18:20:06,678 [INFO] CLOSED 464913273. Profit: -169.1.
2025-12-31 18:20:07,623 [INFO] MT5 Closed.
2025-12-31 18:24:45,217 [INFO] Real AI Model (Random Forest) initialized.
2025-12-31 18:24:45,246 [INFO] Connected. Balance: 588.7
2025-12-31 18:24:56,331 [ERROR] Failed to send Telegram message: HTTPSConnectionPool(host='api.telegram.org', port=443): Max retries exceeded with url: /bot8423946950:AAEGBdt6Zv5DbovecaeAvciSJ2mpFgasi0U/sendMessage (Caused by NameResolutionError("<urllib3.connection.HTTPSConnection object at 0x0000014530CEA7B0>: Failed to resolve 'api.telegram.org' ([Errno 11001] getaddrinfo failed)"))
2025-12-31 18:24:56,332 [INFO] REAL AI Bot STARTED.
2025-12-31 18:24:56,343 [INFO] Training AI on 950 historical candles...
2025-12-31 18:24:56,624 [INFO] AI Training Complete. Model is ready to predict.
2025-12-31 18:24:56,630 [INFO] AI Prediction: Probability UP = 0.64 (Price: 4320.779)
2025-12-31 18:24:56,630 [INFO] AI Signals BUY (Confidence: 0.64)
2025-12-31 18:24:56,874 [INFO] OPENED BUY @ 4320.939
2025-12-31 18:25:07,934 [ERROR] Failed to send Telegram message: HTTPSConnectionPool(host='api.telegram.org', port=443): Max retries exceeded with url: /bot8423946950:AAEGBdt6Zv5DbovecaeAvciSJ2mpFgasi0U/sendMessage (Caused by NameResolutionError("<urllib3.connection.HTTPSConnection object at 0x0000014530C17110>: Failed to resolve 'api.telegram.org' ([Errno 11001] getaddrinfo failed)"))
2025-12-31 18:25:09,454 [INFO] CLOSED 464938051. Profit: 52.9.
2025-12-31 18:27:29,775 [INFO] CLOSED 464945449. Profit: 42.4.
2025-12-31 18:29:15,425 [INFO] CLOSED 464954063. Profit: 42.3.
2025-12-31 18:29:26,490 [ERROR] Failed to send Telegram message: HTTPSConnectionPool(host='api.telegram.org', port=443): Max retries exceeded with url: /bot8423946950:AAEGBdt6Zv5DbovecaeAvciSJ2mpFgasi0U/sendMessage (Caused by NameResolutionError("<urllib3.connection.HTTPSConnection object at 0x0000014530C174D0>: Failed to resolve 'api.telegram.org' ([Errno 11001] getaddrinfo failed)"))
2025-12-31 18:29:27,229 [INFO] CLOSED 464954041. Profit: 48.0.
2025-12-31 18:29:38,302 [ERROR] Failed to send Telegram message: HTTPSConnectionPool(host='api.telegram.org', port=443): Max retries exceeded with url: /bot8423946950:AAEGBdt6Zv5DbovecaeAvciSJ2mpFgasi0U/sendMessage (Caused by NameResolutionError("<urllib3.connection.HTTPSConnection object at 0x0000014530D0C050>: Failed to resolve 'api.telegram.org' ([Errno 11001] getaddrinfo failed)"))
2025-12-31 18:30:00,649 [INFO] CLOSED 464956053. Profit: 60.9.
2025-12-31 18:30:11,719 [ERROR] Failed to send Telegram message: HTTPSConnectionPool(host='api.telegram.org', port=443): Max retries exceeded with url: /bot8423946950:AAEGBdt6Zv5DbovecaeAvciSJ2mpFgasi0U/sendMessage (Caused by NameResolutionError("<urllib3.connection.HTTPSConnection object at 0x0000014530D0CCD0>: Failed to resolve 'api.telegram.org' ([Errno 11001] getaddrinfo failed)"))
2025-12-31 18:30:11,956 [INFO] CLOSED 464956060. Profit: 60.9.
2025-12-31 18:30:11,960 [ERROR] Failed to send Telegram message: HTTPSConnectionPool(host='api.telegram.org', port=443): Max retries exceeded with url: /bot8423946950:AAEGBdt6Zv5DbovecaeAvciSJ2mpFgasi0U/sendMessage (Caused by NameResolutionError("<urllib3.connection.HTTPSConnection object at 0x0000014530D0CA50>: Failed to resolve 'api.telegram.org' ([Errno 11001] getaddrinfo failed)"))
2025-12-31 18:30:12,479 [INFO] AI Prediction: Probability UP = 0.67 (Price: 4319.69)
2025-12-31 18:30:12,480 [INFO] AI Signals BUY (Confidence: 0.67)
2025-12-31 18:30:12,740 [INFO] OPENED BUY @ 4319.85
2025-12-31 18:30:12,743 [ERROR] Failed to send Telegram message: HTTPSConnectionPool(host='api.telegram.org', port=443): Max retries exceeded with url: /bot8423946950:AAEGBdt6Zv5DbovecaeAvciSJ2mpFgasi0U/sendMessage (Caused by NameResolutionError("<urllib3.connection.HTTPSConnection object at 0x0000014530C17250>: Failed to resolve 'api.telegram.org' ([Errno 11001] getaddrinfo failed)"))
2025-12-31 18:30:48,859 [INFO] CLOSED 464958814. Profit: 75.0.
2025-12-31 18:30:59,937 [ERROR] Failed to send Telegram message: HTTPSConnectionPool(host='api.telegram.org', port=443): Max retries exceeded with url: /bot8423946950:AAEGBdt6Zv5DbovecaeAvciSJ2mpFgasi0U/sendMessage (Caused by NameResolutionError("<urllib3.connection.HTTPSConnection object at 0x0000014530C17890>: Failed to resolve 'api.telegram.org' ([Errno 11001] getaddrinfo failed)"))
2025-12-31 18:45:01,406 [INFO] AI Prediction: Probability UP = 0.49 (Price: 4325.423)
2025-12-31 18:45:01,407 [INFO] AI is uncertain. No trade.
2025-12-31 19:00:00,743 [INFO] AI Prediction: Probability UP = 0.62 (Price: 4321.368)
2025-12-31 19:00:00,744 [INFO] AI Signals BUY (Confidence: 0.62)
2025-12-31 19:00:01,012 [INFO] OPENED BUY @ 4322.147
2025-12-31 19:00:08,743 [INFO] CLOSED 465083269. Profit: 50.6.
2025-12-31 19:15:00,797 [INFO] AI Prediction: Probability UP = 0.52 (Price: 4327.429)
2025-12-31 19:15:00,797 [INFO] AI is uncertain. No trade.
2025-12-31 19:30:00,666 [INFO] AI Prediction: Probability UP = 0.40 (Price: 4328.571)
2025-12-31 19:30:00,667 [INFO] AI is uncertain. No trade.
2025-12-31 19:45:00,524 [INFO] AI Prediction: Probability UP = 0.53 (Price: 4322.009)
2025-12-31 19:45:00,525 [INFO] AI is uncertain. No trade.
2025-12-31 20:00:00,878 [INFO] AI Prediction: Probability UP = 0.40 (Price: 4320.141)
2025-12-31 20:00:00,879 [INFO] AI is uncertain. No trade.
2025-12-31 20:15:01,234 [INFO] AI Prediction: Probability UP = 0.48 (Price: 4317.677)
2025-12-31 20:15:01,234 [INFO] AI is uncertain. No trade.
2025-12-31 20:30:02,093 [INFO] AI Prediction: Probability UP = 0.42 (Price: 4317.639)
2025-12-31 20:30:02,093 [INFO] AI is uncertain. No trade.
2025-12-31 20:45:00,952 [INFO] AI Prediction: Probability UP = 0.57 (Price: 4310.256)
2025-12-31 20:45:00,953 [INFO] AI is uncertain. No trade.
2025-12-31 21:00:00,794 [INFO] AI Prediction: Probability UP = 0.48 (Price: 4311.052)
2025-12-31 21:00:00,795 [INFO] AI is uncertain. No trade.
2025-12-31 21:15:01,120 [INFO] AI Prediction: Probability UP = 0.51 (Price: 4314.72)
2025-12-31 21:15:01,120 [INFO] AI is uncertain. No trade.
2025-12-31 21:30:00,926 [INFO] AI Prediction: Probability UP = 0.57 (Price: 4314.52)
2025-12-31 21:30:00,926 [INFO] AI is uncertain. No trade.
2025-12-31 21:46:43,245 [INFO] AI Prediction: Probability UP = 0.63 (Price: 4318.002)
2025-12-31 21:46:43,246 [INFO] AI Signals BUY (Confidence: 0.63)
2025-12-31 22:00:00,788 [INFO] AI Prediction: Probability UP = 0.51 (Price: 4313.404)
2025-12-31 22:00:00,789 [INFO] AI is uncertain. No trade.
2025-12-31 22:15:00,636 [INFO] AI Prediction: Probability UP = 0.52 (Price: 4313.265)
2025-12-31 22:15:00,636 [INFO] AI is uncertain. No trade.
2025-12-31 22:30:01,030 [INFO] AI Prediction: Probability UP = 0.57 (Price: 4310.069)
2025-12-31 22:30:01,031 [INFO] AI is uncertain. No trade.
2025-12-31 22:45:00,906 [INFO] AI Prediction: Probability UP = 0.59 (Price: 4314.7)
2025-12-31 22:45:00,906 [INFO] AI is uncertain. No trade.
2026-01-01 12:59:42,424 [INFO] Bot stopping...
2026-01-01 12:59:42,425 [INFO] MT5 Closed.
2026-01-01 13:11:40,985 [INFO] Real AI Model (Random Forest) initialized.
2026-01-01 13:11:41,013 [INFO] Connected. Balance: 561.21
2026-01-01 13:11:41,924 [INFO] REAL AI Bot STARTED.
2026-01-01 13:13:11,096 [INFO] Bot stopping...
2026-01-01 13:13:11,096 [INFO] MT5 Closed.
2026-01-01 13:13:16,901 [INFO] Real AI Model (Random Forest) initialized.
2026-01-01 13:13:16,928 [INFO] Connected. Balance: 561.21
2026-01-01 13:13:17,809 [INFO] REAL AI Bot STARTED.
2026-01-01 13:14:20,035 [INFO] Bot stopping...
2026-01-01 13:14:20,035 [INFO] MT5 Closed.
2026-01-01 13:14:26,151 [INFO] Real AI Model (Random Forest) initialized.
2026-01-01 13:14:26,184 [INFO] Connected. Balance: 561.21
2026-01-01 13:14:30,079 [INFO] REAL AI Bot STARTED.
2026-01-01 13:14:47,438 [INFO] Bot stopping...
2026-01-01 13:14:47,438 [INFO] MT5 Closed.
2026-01-01 13:14:53,216 [INFO] Real AI Model (Random Forest) initialized.
2026-01-01 13:14:53,245 [INFO] Connected. Balance: 561.21
2026-01-01 13:14:54,217 [INFO] REAL AI Bot STARTED.
2026-01-01 13:15:31,210 [INFO] SL Moved for 465793267 -> 87878.46
2026-01-01 13:15:31,447 [INFO] SL Moved for 465793269 -> 87878.46
2026-01-01 13:15:39,505 [INFO] Training AI on 950 historical candles...
2026-01-01 13:15:39,913 [INFO] AI Training Complete. Model is ready to predict.
2026-01-01 13:15:39,925 [INFO] AI Prediction: Probability UP = 0.29 (Price: 87862.78)
2026-01-01 13:15:39,925 [INFO] AI Signals SELL (Confidence: 0.71)
2026-01-01 13:15:40,167 [INFO] OPENED SELL @ 87862.78
2026-01-01 13:17:21,428 [INFO] Bot stopping...
2026-01-01 13:17:21,428 [INFO] MT5 Closed.
2026-01-01 13:17:29,745 [INFO] Real AI Model (Random Forest) initialized.
2026-01-01 13:17:29,782 [INFO] Connected. Balance: 563.89
2026-01-01 13:17:30,990 [INFO] REAL AI Bot STARTED.
2026-01-01 13:23:08,758 [INFO] SL Moved for 465796253 -> 87857.78
2026-01-01 13:24:59,262 [INFO] Training AI on 950 historical candles...
2026-01-01 13:24:59,588 [INFO] AI Training Complete. Model is ready to predict.
2026-01-01 13:24:59,595 [INFO] AI Prediction: Probability UP = 0.26 (Price: 87851.68)
2026-01-01 13:24:59,595 [INFO] AI Signals SELL (Confidence: 0.74)
2026-01-01 13:24:59,862 [INFO] OPENED SELL @ 87851.68
2026-01-01 13:33:44,737 [INFO] SL Moved for 465801667 -> 87846.40000000001
2026-01-01 13:36:54,530 [INFO] AI Prediction: Probability UP = 0.42 (Price: 87831.4)
2026-01-01 13:36:54,530 [INFO] AI is uncertain. No trade.
2026-01-01 13:42:34,510 [INFO] Bot stopping...
2026-01-01 13:42:34,510 [INFO] MT5 Closed.
2026-01-01 13:42:41,104 [INFO] Real AI Model (Random Forest) initialized.
2026-01-01 13:42:41,134 [INFO] Connected. Balance: 561.44
2026-01-01 13:42:42,024 [INFO] REAL AI Bot STARTED.
2026-01-01 13:42:42,035 [INFO] Training AI on 950 historical candles...
2026-01-01 13:42:42,247 [INFO] AI Training Complete. Model is ready to predict.
2026-01-01 13:42:42,252 [INFO] AI Prediction: Probability UP = 0.41 (Price: 87834.43)
2026-01-01 13:42:42,252 [INFO] AI is uncertain. No trade.
2026-01-01 13:45:02,873 [INFO] AI Prediction: Probability UP = 0.32 (Price: 87835.09)
2026-01-01 13:45:02,874 [INFO] AI Signals SELL (Confidence: 0.68)
2026-01-01 13:45:03,105 [INFO] OPENED SELL @ 87835.09
2026-01-01 13:45:13,125 [ERROR] TELEGRAM CONNECT FAIL: Check Internet or DNS.
2026-01-01 14:49:33,794 [INFO] CLOSED 465810209. Profit: 41.0.
2026-01-01 14:49:43,852 [ERROR] TELEGRAM CONNECT FAIL: Check Internet or DNS.
2026-01-01 14:49:44,367 [INFO] AI Prediction: Probability UP = 0.67 (Price: 87766.05)
2026-01-01 14:49:44,368 [INFO] AI Signals BUY (Confidence: 0.67)
2026-01-01 14:49:44,678 [INFO] OPENED BUY @ 87784.05
2026-01-01 15:46:50,178 [INFO] AI Prediction: Probability UP = 0.37 (Price: 87778.44)
2026-01-01 15:46:50,178 [INFO] AI Signals SELL (Confidence: 0.63)
2026-01-01 15:46:50,179 [INFO] MT5 Closed.
2026-01-01 16:54:15,962 [INFO] Real AI Model (Random Forest) initialized.
2026-01-01 16:54:16,004 [INFO] Connected. Balance: 673.32
2026-01-01 16:54:16,911 [INFO] REAL AI Bot STARTED.
2026-01-01 16:54:17,074 [INFO] Training AI on 950 historical candles...
2026-01-01 16:54:17,314 [INFO] AI Training Complete. Model is ready to predict.
2026-01-01 16:54:17,320 [INFO] AI Prediction: Probability UP = 0.56 (Price: 87924.6)
2026-01-01 16:54:17,320 [INFO] AI is uncertain. No trade.
2026-01-01 17:00:02,251 [INFO] AI Prediction: Probability UP = 0.58 (Price: 87914.34)
2026-01-01 17:00:02,251 [INFO] AI is uncertain. No trade.
2026-01-01 17:15:03,735 [INFO] AI Prediction: Probability UP = 0.66 (Price: 87818.62)
2026-01-01 17:15:03,736 [INFO] AI Signals BUY (Confidence: 0.66)
2026-01-01 17:15:04,009 [INFO] OPENED BUY @ 87836.62
2026-01-01 17:15:15,104 [ERROR] TELEGRAM CONNECT FAIL: Check Internet or DNS.
2026-01-01 17:30:07,768 [INFO] AI Prediction: Probability UP = 0.55 (Price: 87833.83)
2026-01-01 17:30:07,768 [INFO] AI is uncertain. No trade.
2026-01-01 17:45:10,038 [INFO] AI Prediction: Probability UP = 0.59 (Price: 87818.01)
2026-01-01 17:45:10,038 [INFO] AI is uncertain. No trade.
2026-01-01 18:00:03,897 [INFO] AI Prediction: Probability UP = 0.66 (Price: 87874.58)
2026-01-01 18:00:03,898 [INFO] AI Signals BUY (Confidence: 0.66)
2026-01-01 18:00:04,233 [INFO] OPENED BUY @ 87892.58
2026-01-01 18:11:43,570 [INFO] CLOSED 465918130. Profit: 40.44.
2026-01-01 18:11:53,641 [ERROR] TELEGRAM CONNECT FAIL: Check Internet or DNS.
2026-01-01 18:15:03,750 [INFO] AI Prediction: Probability UP = 0.45 (Price: 87935.06)
2026-01-01 18:15:03,751 [INFO] AI is uncertain. No trade.
2026-01-01 18:17:11,866 [INFO] CLOSED 465940376. Profit: 40.24.
2026-01-01 18:30:03,290 [INFO] AI Prediction: Probability UP = 0.22 (Price: 88150.14)
2026-01-01 18:30:03,291 [INFO] AI Signals SELL (Confidence: 0.78)
2026-01-01 18:30:03,585 [INFO] OPENED SELL @ 88150.14
2026-01-01 18:45:06,098 [INFO] AI Prediction: Probability UP = 0.21 (Price: 88215.92)
2026-01-01 18:45:06,098 [INFO] AI Signals SELL (Confidence: 0.79)
2026-01-01 18:45:06,388 [INFO] OPENED SELL @ 88215.92
2026-01-01 19:00:03,616 [INFO] AI Prediction: Probability UP = 0.24 (Price: 88212.23)
2026-01-01 19:00:03,616 [INFO] AI Signals SELL (Confidence: 0.76)
2026-01-01 19:00:03,947 [INFO] OPENED SELL @ 88212.23
2026-01-01 19:05:28,626 [INFO] CLOSED 465984783. Profit: 41.85.
2026-01-01 19:05:31,203 [INFO] CLOSED 465975518. Profit: 45.36.
2026-01-01 19:14:41,834 [INFO] CLOSED 465959467. Profit: 47.55.
2026-01-01 19:15:04,526 [INFO] AI Prediction: Probability UP = 0.42 (Price: 88069.21)
2026-01-01 19:15:04,526 [INFO] AI is uncertain. No trade.
2026-01-01 22:40:10,115 [INFO] AI Prediction: Probability UP = 0.51 (Price: 88241.25)
2026-01-01 22:40:10,120 [INFO] AI is uncertain. No trade.
2026-01-01 22:41:05,332 [INFO] CLOSED 466051465. Profit: 40.02.
2026-01-01 22:45:03,044 [INFO] AI Prediction: Probability UP = 0.51 (Price: 88213.96)
2026-01-01 22:45:03,045 [INFO] AI is uncertain. No trade.
2026-01-01 23:00:02,821 [INFO] AI Prediction: Probability UP = 0.59 (Price: 88277.39)
2026-01-01 23:00:02,821 [INFO] AI is uncertain. No trade.
2026-01-01 23:15:11,717 [INFO] AI Prediction: Probability UP = 0.36 (Price: 88394.83)
2026-01-01 23:15:11,718 [INFO] AI Signals SELL (Confidence: 0.64)
2026-01-01 23:15:11,975 [INFO] OPENED SELL @ 88394.83
2026-01-01 23:30:04,658 [INFO] AI Prediction: Probability UP = 0.17 (Price: 88413.09)
2026-01-01 23:30:04,659 [INFO] AI Signals SELL (Confidence: 0.83)
2026-01-01 23:30:04,918 [INFO] OPENED SELL @ 88413.09
2026-01-01 23:36:46,747 [INFO] CLOSED 466084963. Profit: 41.26.
2026-01-01 23:36:57,814 [ERROR] TELEGRAM CONNECT FAIL: Check Internet or DNS.
2026-01-01 23:45:03,943 [INFO] AI Prediction: Probability UP = 0.15 (Price: 88467.51)
2026-01-01 23:45:03,943 [INFO] AI Signals SELL (Confidence: 0.85)
2026-01-01 23:45:04,236 [INFO] OPENED SELL @ 88467.51
2026-01-02 00:00:03,050 [INFO] AI Prediction: Probability UP = 0.23 (Price: 88540.02)
2026-01-02 00:00:03,051 [INFO] AI Signals SELL (Confidence: 0.77)
2026-01-02 00:00:03,320 [INFO] OPENED SELL @ 88540.02
2026-01-02 00:02:40,094 [INFO] CLOSED 466097724. Profit: 43.72.
2026-01-02 00:04:50,887 [INFO] CLOSED 466090059. Profit: 40.39.
2026-01-02 00:15:03,861 [INFO] AI Prediction: Probability UP = 0.56 (Price: 88459.84)
2026-01-02 00:15:03,861 [INFO] AI is uncertain. No trade.
2026-01-02 00:30:03,773 [INFO] AI Prediction: Probability UP = 0.17 (Price: 88620.25)
2026-01-02 00:30:03,773 [INFO] AI Signals SELL (Confidence: 0.83)
2026-01-02 00:30:04,046 [INFO] OPENED SELL @ 88620.25
2026-01-02 00:45:03,838 [INFO] AI Prediction: Probability UP = 0.20 (Price: 88767.02)
2026-01-02 00:45:03,838 [INFO] AI Signals SELL (Confidence: 0.80)
2026-01-02 00:45:04,116 [INFO] OPENED SELL @ 88767.02
2026-01-02 00:48:35,564 [INFO] CLOSED 466232009. Profit: 40.99.
2026-01-02 01:00:02,904 [INFO] AI Prediction: Probability UP = 0.29 (Price: 88736.8)
2026-01-02 01:00:02,904 [INFO] AI Signals SELL (Confidence: 0.71)
2026-01-02 01:00:03,245 [INFO] OPENED SELL @ 88736.8
2026-01-02 01:04:20,258 [INFO] CLOSED 466275485. Profit: 44.19.
2026-01-02 01:08:23,435 [INFO] CLOSED 466185523. Profit: 48.26.
2026-01-02 01:08:33,459 [ERROR] TELEGRAM CONNECT FAIL: Check Internet or DNS.
2026-01-02 01:15:05,126 [INFO] AI Prediction: Probability UP = 0.30 (Price: 88539.57)
2026-01-02 01:15:05,126 [INFO] AI Signals SELL (Confidence: 0.70)
2026-01-02 01:15:05,416 [INFO] OPENED SELL @ 88539.57
2026-01-02 01:15:16,058 [ERROR] TELEGRAM FAILED: HTTPSConnectionPool(host='api.telegram.org', port=443): Read timed out. (read timeout=10)
2026-01-02 01:30:04,764 [INFO] AI Prediction: Probability UP = 0.38 (Price: 88595.96)
2026-01-02 01:30:04,765 [INFO] AI Signals SELL (Confidence: 0.62)
2026-01-02 01:30:05,098 [INFO] OPENED SELL @ 88595.96
2026-01-02 01:30:15,135 [ERROR] TELEGRAM CONNECT FAIL: Check Internet or DNS.
2026-01-02 01:45:03,389 [INFO] AI Prediction: Probability UP = 0.42 (Price: 88587.99)
2026-01-02 01:45:03,389 [INFO] AI is uncertain. No trade.
2026-01-02 02:00:04,443 [INFO] AI Prediction: Probability UP = 0.18 (Price: 88737.45)
2026-01-02 02:00:04,444 [INFO] AI Signals SELL (Confidence: 0.82)
2026-01-02 02:00:04,767 [INFO] OPENED SELL @ 88737.45
2026-01-02 02:08:01,435 [INFO] CLOSED 466425953. Profit: 40.95.
2026-01-02 02:15:03,200 [INFO] AI Prediction: Probability UP = 0.41 (Price: 88654.33)
2026-01-02 02:15:03,200 [INFO] AI is uncertain. No trade.
2026-01-02 02:30:03,719 [INFO] AI Prediction: Probability UP = 0.68 (Price: 88592.79)
2026-01-02 02:30:03,719 [INFO] AI Signals BUY (Confidence: 0.68)
2026-01-02 02:30:04,061 [INFO] OPENED BUY @ 88610.79
2026-01-02 02:34:13,635 [INFO] CLOSED 466349413. Profit: 50.28.
2026-01-02 02:37:23,553 [INFO] CLOSED 466313995. Profit: 49.86.
2026-01-02 02:45:07,061 [INFO] AI Prediction: Probability UP = 0.62 (Price: 88534.07)
2026-01-02 02:45:07,061 [INFO] AI Signals BUY (Confidence: 0.62)
2026-01-02 02:45:07,336 [INFO] OPENED BUY @ 88552.07
2026-01-02 03:00:04,460 [INFO] AI Prediction: Probability UP = 0.65 (Price: 88544.64)
2026-01-02 03:00:04,460 [INFO] AI Signals BUY (Confidence: 0.65)
2026-01-02 03:00:04,741 [INFO] OPENED BUY @ 88562.64
2026-01-02 03:15:04,029 [INFO] AI Prediction: Probability UP = 0.53 (Price: 88392.05)
2026-01-02 03:15:04,030 [INFO] AI is uncertain. No trade.
2026-01-02 03:30:03,112 [INFO] AI Prediction: Probability UP = 0.49 (Price: 88317.23)
2026-01-02 03:30:03,113 [INFO] AI is uncertain. No trade.
2026-01-02 03:45:03,224 [INFO] AI Prediction: Probability UP = 0.35 (Price: 88381.25)
2026-01-02 03:45:03,225 [INFO] AI Signals SELL (Confidence: 0.65)
2026-01-02 03:45:03,518 [INFO] OPENED SELL @ 88381.25
2026-01-02 04:00:03,226 [INFO] AI Prediction: Probability UP = 0.39 (Price: 88534.23)
2026-01-02 04:00:03,226 [INFO] AI Signals SELL (Confidence: 0.61)
2026-01-02 04:00:03,562 [INFO] OPENED SELL @ 88534.23
2026-01-02 04:07:32,046 [INFO] CLOSED 466518249. Profit: 45.42.
2026-01-02 04:07:33,324 [INFO] CLOSED 466553811. Profit: 40.14.
2026-01-02 04:07:45,544 [INFO] CLOSED 466496878. Profit: 41.2.
2026-01-02 04:15:03,414 [INFO] AI Prediction: Probability UP = 0.37 (Price: 88849.39)
2026-01-02 04:15:03,414 [INFO] AI Signals SELL (Confidence: 0.63)
2026-01-02 04:15:03,731 [INFO] OPENED SELL @ 88849.39
2026-01-02 04:16:52,237 [INFO] CLOSED 466755290. Profit: 44.39.
2026-01-02 04:30:03,983 [INFO] AI Prediction: Probability UP = 0.43 (Price: 88775.97)
2026-01-02 04:30:03,984 [INFO] AI is uncertain. No trade.
2026-01-02 04:45:03,428 [INFO] AI Prediction: Probability UP = 0.40 (Price: 88872.09)
2026-01-02 04:45:03,429 [INFO] AI is uncertain. No trade.
2026-01-02 05:00:03,295 [INFO] AI Prediction: Probability UP = 0.36 (Price: 88833.92)
2026-01-02 05:00:03,295 [INFO] AI Signals SELL (Confidence: 0.64)
2026-01-02 05:00:03,552 [INFO] OPENED SELL @ 88833.92
2026-01-02 05:08:18,594 [INFO] CLOSED 466889411. Profit: 45.27.
2026-01-02 05:15:05,266 [INFO] AI Prediction: Probability UP = 0.62 (Price: 88706.51)
2026-01-02 05:15:05,267 [INFO] AI Signals BUY (Confidence: 0.62)
2026-01-02 05:15:05,561 [INFO] OPENED BUY @ 88724.51
2026-01-02 05:30:03,805 [INFO] AI Prediction: Probability UP = 0.40 (Price: 88644.66)
2026-01-02 05:30:03,805 [INFO] AI is uncertain. No trade.
2026-01-02 05:45:04,283 [INFO] AI Prediction: Probability UP = 0.47 (Price: 88612.41)
2026-01-02 05:45:04,283 [INFO] AI is uncertain. No trade.
2026-01-02 06:00:09,298 [INFO] AI Prediction: Probability UP = 0.46 (Price: 88535.44)
2026-01-02 06:00:09,299 [INFO] AI is uncertain. No trade.
2026-01-02 06:15:12,771 [INFO] AI Prediction: Probability UP = 0.44 (Price: 88555.88)
2026-01-02 06:15:12,771 [INFO] AI is uncertain. No trade.
2026-01-02 06:30:06,203 [INFO] AI Prediction: Probability UP = 0.47 (Price: 88489.54)
2026-01-02 06:30:06,204 [INFO] AI is uncertain. No trade.
2026-01-02 06:45:05,208 [INFO] AI Prediction: Probability UP = 0.50 (Price: 88581.39)
2026-01-02 06:45:05,209 [INFO] AI is uncertain. No trade.
2026-01-02 07:00:03,701 [INFO] AI Prediction: Probability UP = 0.46 (Price: 88657.72)
2026-01-02 07:00:03,701 [INFO] AI is uncertain. No trade.
2026-01-02 07:15:05,706 [INFO] AI Prediction: Probability UP = 0.46 (Price: 88693.39)
2026-01-02 07:15:05,707 [INFO] AI is uncertain. No trade.
2026-01-02 07:26:48,128 [INFO] CLOSED 466938949. Profit: 44.61.
2026-01-02 07:30:06,790 [INFO] AI Prediction: Probability UP = 0.54 (Price: 88810.56)
2026-01-02 07:30:06,791 [INFO] AI is uncertain. No trade.
2026-01-02 07:45:05,673 [INFO] AI Prediction: Probability UP = 0.57 (Price: 88863.22)
2026-01-02 07:45:05,673 [INFO] AI is uncertain. No trade.
2026-01-02 08:00:04,553 [INFO] AI Prediction: Probability UP = 0.55 (Price: 88847.25)
2026-01-02 08:00:04,553 [INFO] AI is uncertain. No trade.
2026-01-02 08:15:05,908 [INFO] AI Prediction: Probability UP = 0.56 (Price: 88922.46)
2026-01-02 08:15:05,908 [INFO] AI is uncertain. No trade.
2026-01-02 08:30:10,771 [INFO] AI Prediction: Probability UP = 0.34 (Price: 88793.32)
2026-01-02 08:30:10,771 [INFO] AI Signals SELL (Confidence: 0.66)
2026-01-02 08:30:11,351 [INFO] OPENED SELL @ 88793.32
2026-01-02 08:45:04,434 [INFO] AI Prediction: Probability UP = 0.42 (Price: 88765.76)
2026-01-02 08:45:04,434 [INFO] AI is uncertain. No trade.
2026-01-02 09:00:04,883 [INFO] AI Prediction: Probability UP = 0.51 (Price: 88764.02)
2026-01-02 09:00:04,883 [INFO] AI is uncertain. No trade.
2026-01-02 09:15:10,890 [INFO] AI Prediction: Probability UP = 0.31 (Price: 88958.27)
2026-01-02 09:15:10,891 [INFO] AI Signals SELL (Confidence: 0.69)
2026-01-02 09:15:11,147 [INFO] OPENED SELL @ 88958.27
2026-01-02 09:30:03,737 [INFO] AI Prediction: Probability UP = 0.26 (Price: 88943.71)
2026-01-02 09:30:03,737 [INFO] AI Signals SELL (Confidence: 0.74)
2026-01-02 09:30:04,004 [INFO] OPENED SELL @ 88943.71
2026-01-02 09:45:13,305 [INFO] AI Prediction: Probability UP = 0.25 (Price: 88991.79)
2026-01-02 09:45:13,305 [INFO] AI Signals SELL (Confidence: 0.75)
2026-01-02 09:45:13,575 [INFO] OPENED SELL @ 88991.79
2026-01-02 10:00:03,755 [INFO] AI Prediction: Probability UP = 0.19 (Price: 89054.42)
2026-01-02 10:00:03,755 [INFO] AI Signals SELL (Confidence: 0.81)
2026-01-02 10:00:04,027 [INFO] OPENED SELL @ 89054.42
2026-01-02 10:10:08,075 [CRITICAL] STOP: Equity dropped below 50%! Emergency Halt.
2026-01-02 10:10:09,217 [INFO] CLOSED 467613957. Profit: -192.15.
2026-01-02 10:10:10,341 [INFO] CLOSED 467802984. Profit: -109.67.
2026-01-02 10:10:11,440 [INFO] CLOSED 467858798. Profit: -116.95.
2026-01-02 10:10:12,795 [INFO] CLOSED 467916591. Profit: -92.91.
2026-01-02 10:10:14,017 [INFO] CLOSED 467977742. Profit: -61.6.
2026-01-02 10:10:14,802 [INFO] MT5 Closed.
2026-01-02 10:12:30,460 [INFO] Real AI Model (Random Forest) initialized.
2026-01-02 10:12:30,486 [INFO] Connected. Balance: 380.18
2026-01-02 10:12:31,328 [INFO] REAL AI Bot STARTED.
2026-01-02 10:12:31,387 [INFO] Training AI on 950 historical candles...
2026-01-02 10:12:31,598 [INFO] AI Training Complete. Model is ready to predict.
2026-01-02 10:12:31,604 [INFO] AI Prediction: Probability UP = 0.68 (Price: 4389.229)
2026-01-02 10:12:31,604 [INFO] AI Signals BUY (Confidence: 0.68)
2026-01-02 10:12:31,866 [INFO] OPENED BUY @ 4389.408
2026-01-02 10:15:01,780 [INFO] CLOSED 468038042. Profit: 42.9.
2026-01-02 10:15:04,083 [INFO] AI Prediction: Probability UP = 0.62 (Price: 4390.457)
2026-01-02 10:15:04,083 [INFO] AI Signals BUY (Confidence: 0.62)
2026-01-02 10:15:04,330 [INFO] OPENED BUY @ 4390.617
2026-01-02 10:16:10,355 [INFO] CLOSED 468048597. Profit: 40.0.
2026-01-02 10:30:04,227 [INFO] AI Prediction: Probability UP = 0.44 (Price: 4388.765)
2026-01-02 10:30:04,227 [INFO] AI is uncertain. No trade.
2026-01-02 10:45:03,658 [INFO] AI Prediction: Probability UP = 0.52 (Price: 4388.75)
2026-01-02 10:45:03,658 [INFO] AI is uncertain. No trade.
2026-01-02 11:00:04,094 [INFO] AI Prediction: Probability UP = 0.50 (Price: 4385.77)
2026-01-02 11:00:04,095 [INFO] AI is uncertain. No trade.
2026-01-02 11:15:04,491 [INFO] AI Prediction: Probability UP = 0.51 (Price: 4388.188)
2026-01-02 11:15:04,491 [INFO] AI is uncertain. No trade.
2026-01-02 11:30:03,839 [INFO] AI Prediction: Probability UP = 0.49 (Price: 4386.745)
2026-01-02 11:30:03,839 [INFO] AI is uncertain. No trade.
2026-01-02 11:45:03,741 [INFO] AI Prediction: Probability UP = 0.56 (Price: 4393.643)
2026-01-02 11:45:03,741 [INFO] AI is uncertain. No trade.
2026-01-02 11:50:38,410 [INFO] CLOSED 468470425. Profit: 52.85.
2026-01-02 11:51:44,613 [INFO] CLOSED 468477087. Profit: 61.95.
2026-01-02 12:00:04,127 [INFO] AI Prediction: Probability UP = 0.62 (Price: 4396.21)
2026-01-02 12:00:04,127 [INFO] AI Signals BUY (Confidence: 0.62)
2026-01-02 12:00:04,364 [INFO] OPENED BUY @ 4396.391
2026-01-02 12:00:19,711 [INFO] CLOSED 468530045. Profit: 42.6.
2026-01-02 12:15:04,481 [INFO] AI Prediction: Probability UP = 0.47 (Price: 4395.054)
2026-01-02 12:15:04,481 [INFO] AI is uncertain. No trade.
2026-01-02 12:19:53,472 [INFO] CLOSED 468613216. Profit: 40.0.
2026-01-02 12:28:54,454 [INFO] CLOSED 468666536. Profit: 50.95.
2026-01-02 12:29:03,073 [INFO] CLOSED 468668167. Profit: 40.7.
2026-01-02 12:29:04,175 [INFO] CLOSED 468668177. Profit: 40.7.
2026-01-02 12:29:05,246 [INFO] CLOSED 468668188. Profit: 40.7.
2026-01-02 12:29:57,557 [INFO] CLOSED 468673448. Profit: 40.3.
2026-01-02 12:30:04,413 [INFO] AI Prediction: Probability UP = 0.51 (Price: 4394.328)
2026-01-02 12:30:04,413 [INFO] AI is uncertain. No trade.
2026-01-02 12:45:03,809 [INFO] AI Prediction: Probability UP = 0.52 (Price: 4395.065)
2026-01-02 12:45:03,809 [INFO] AI is uncertain. No trade.
2026-01-02 13:00:04,195 [INFO] AI Prediction: Probability UP = 0.57 (Price: 4392.672)
2026-01-02 13:00:04,196 [INFO] AI is uncertain. No trade.
2026-01-02 13:15:04,468 [INFO] AI Prediction: Probability UP = 0.55 (Price: 4395.271)
2026-01-02 13:15:04,468 [INFO] AI is uncertain. No trade.
2026-01-02 13:30:04,320 [INFO] AI Prediction: Probability UP = 0.61 (Price: 4393.325)
2026-01-02 13:30:04,320 [INFO] AI Signals BUY (Confidence: 0.61)
2026-01-02 13:30:04,577 [INFO] OPENED BUY @ 4393.485
2026-01-02 13:30:19,080 [INFO] CLOSED 468962325. Profit: 48.9.
2026-01-02 13:42:36,379 [INFO] CLOSED 469042957. Profit: 47.0.
2026-01-02 13:42:37,573 [INFO] CLOSED 469042970. Profit: 47.0.
2026-01-02 13:42:38,654 [INFO] CLOSED 469043044. Profit: 47.0.
2026-01-02 13:45:04,126 [INFO] AI Prediction: Probability UP = 0.64 (Price: 4388.218)
2026-01-02 13:45:04,126 [INFO] AI Signals BUY (Confidence: 0.64)
2026-01-02 13:45:04,394 [INFO] OPENED BUY @ 4388.378
2026-01-02 13:45:14,402 [ERROR] TELEGRAM CONNECT FAIL: Check Internet or DNS.
2026-01-02 13:46:36,519 [CRITICAL] STOP: Equity dropped below 50%! Emergency Halt.
2026-01-02 13:46:37,628 [INFO] CLOSED 469044598. Profit: -96.2.
2026-01-02 13:46:38,778 [INFO] CLOSED 469044619. Profit: -91.45.
2026-01-02 13:46:39,828 [INFO] CLOSED 469044632. Profit: -91.45.
2026-01-02 13:46:40,999 [INFO] CLOSED 469061597. Profit: -118.25.
2026-01-02 13:46:41,794 [INFO] MT5 Closed.
2026-01-02 13:49:39,306 [INFO] Real AI Model (Random Forest) initialized.
2026-01-02 13:49:39,351 [INFO] Connected. Balance: 277.38
2026-01-02 13:49:40,403 [INFO] REAL AI Bot STARTED.
2026-01-02 13:49:40,413 [INFO] Training AI on 950 historical candles...
2026-01-02 13:49:40,744 [INFO] AI Training Complete. Model is ready to predict.
2026-01-02 13:49:40,755 [INFO] AI Prediction: Probability UP = 0.53 (Price: 4388.37)
2026-01-02 13:49:40,755 [INFO] AI is uncertain. No trade.
2026-01-02 13:52:58,899 [INFO] CLOSED 469084919. Profit: 41.0.
2026-01-02 14:00:04,031 [INFO] AI Prediction: Probability UP = 0.42 (Price: 4394.508)
2026-01-02 14:00:04,031 [INFO] AI is uncertain. No trade.
2026-01-02 14:15:04,461 [INFO] AI Prediction: Probability UP = 0.47 (Price: 4399.755)
2026-01-02 14:15:04,462 [INFO] AI is uncertain. No trade.
2026-01-02 14:28:27,664 [INFO] CLOSED 469404843. Profit: 40.65.
2026-01-02 14:28:42,892 [INFO] CLOSED 469406267. Profit: 45.15.
2026-01-02 14:29:17,172 [INFO] CLOSED 469404819. Profit: 81.1.
2026-01-02 14:29:27,187 [ERROR] TELEGRAM CONNECT FAIL: Check Internet or DNS.
2026-01-02 14:29:27,187 [ERROR] FAILED to CLOSE 469407406. Error: Invalid request (10013)
2026-01-02 14:29:27,187 [ERROR] FAILED to CLOSE 469407432. Error: Invalid request (10013)
2026-01-02 14:29:37,758 [INFO] CLOSED 469414617. Profit: 95.35.
2026-01-02 14:29:38,802 [INFO] CLOSED 469414634. Profit: 95.35.
2026-01-02 14:29:39,938 [INFO] CLOSED 469414653. Profit: 97.5.
2026-01-02 14:30:04,325 [INFO] AI Prediction: Probability UP = 0.47 (Price: 4374.32)
2026-01-02 14:30:04,325 [INFO] AI is uncertain. No trade.
2026-01-02 14:30:06,837 [CRITICAL] STOP: Equity dropped below 50%! Emergency Halt.
2026-01-02 14:30:07,905 [INFO] CLOSED 469418707. Profit: -169.15.
2026-01-02 14:30:09,195 [INFO] CLOSED 469418732. Profit: -169.15.
2026-01-02 14:30:10,217 [INFO] CLOSED 469418784. Profit: -158.25.
2026-01-02 14:30:11,263 [INFO] MT5 Closed.
2026-01-02 16:47:41,155 [INFO] Real AI Model (Random Forest) initialized.
2026-01-02 16:47:41,180 [INFO] Connected. Balance: 500.0
2026-01-02 16:47:42,084 [INFO] REAL AI Bot STARTED.
2026-01-02 16:47:42,100 [INFO] Training AI on 950 historical candles...
2026-01-02 16:47:42,340 [INFO] AI Training Complete. Model is ready to predict.
2026-01-02 16:47:42,346 [INFO] AI Prediction: Probability UP = 0.72 (Price: 4341.146)
2026-01-02 16:47:42,346 [INFO] AI Signals BUY (Confidence: 0.72)
2026-01-02 16:47:42,563 [INFO] OPENED BUY @ 4341.306
2026-01-02 16:47:58,171 [INFO] CLOSED 470575761. Profit: 41.8.
2026-01-02 16:52:25,626 [INFO] Bot stopping...
2026-01-02 16:52:25,626 [INFO] MT5 Closed.
2026-01-02 16:52:31,335 [INFO] Real AI Model (Random Forest) initialized.
2026-01-02 16:52:31,358 [INFO] Connected. Balance: 541.8
2026-01-02 16:52:32,194 [INFO] REAL AI Bot STARTED.
2026-01-02 16:52:32,204 [INFO] Training AI on 950 historical candles...
2026-01-02 16:52:32,430 [INFO] AI Training Complete. Model is ready to predict.
2026-01-02 16:52:32,436 [INFO] AI Prediction: Probability UP = 0.74 (Price: 4341.63)
2026-01-02 16:52:32,436 [INFO] AI Signals BUY (Confidence: 0.74)
2026-01-02 16:52:32,669 [INFO] OPENED BUY @ 4341.799
2026-01-02 16:53:56,763 [INFO] CLOSED 470608552. Profit: 43.65.
2026-01-02 16:55:34,264 [INFO] Bot stopping...
2026-01-02 16:55:34,264 [INFO] MT5 Closed.
2026-01-02 16:55:40,592 [INFO] Real AI Model (Random Forest) initialized.
2026-01-02 16:55:40,618 [INFO] Connected. Balance: 580.05
2026-01-02 16:55:41,444 [INFO] REAL AI Bot STARTED.
2026-01-02 16:55:41,457 [INFO] Training AI on 950 historical candles...
2026-01-02 16:55:41,667 [INFO] AI Training Complete. Model is ready to predict.
2026-01-02 16:55:41,673 [INFO] AI Prediction: Probability UP = 0.72 (Price: 4340.372)
2026-01-02 16:55:41,673 [INFO] AI Signals BUY (Confidence: 0.72)
2026-01-02 16:55:41,940 [INFO] OPENED BUY @ 4340.568
2026-01-02 16:59:27,469 [CRITICAL] STOP: Equity dropped below 50%! Emergency Halt.
2026-01-02 16:59:28,566 [INFO] CLOSED 470628372. Profit: -314.3.
2026-01-02 16:59:29,516 [INFO] MT5 Closed.
2026-01-02 18:19:17,672 [INFO] Real AI Model (Random Forest) initialized.
2026-01-02 18:19:17,697 [INFO] Connected. Balance: 430.45
2026-01-02 18:19:18,518 [INFO] REAL AI Bot STARTED.
2026-01-02 18:19:18,543 [INFO] Training AI on 950 historical candles...
2026-01-02 18:19:18,767 [INFO] AI Training Complete. Model is ready to predict.
2026-01-02 18:19:18,773 [INFO] AI Prediction: Probability UP = 0.65 (Price: 4329.741)
2026-01-02 18:19:18,773 [INFO] AI Signals BUY (Confidence: 0.65)
2026-01-02 18:19:19,003 [INFO] OPENED BUY @ 4329.901
2026-01-02 18:21:38,422 [INFO] CLOSED 471344421. Profit: 40.55.
2026-01-02 18:30:04,388 [INFO] AI Prediction: Probability UP = 0.67 (Price: 4328.875)
2026-01-02 18:30:04,388 [INFO] AI Signals BUY (Confidence: 0.67)
2026-01-02 18:30:04,659 [INFO] OPENED BUY @ 4329.035
2026-01-02 18:30:10,050 [INFO] CLOSED 471403517. Profit: 44.9.
2026-01-02 18:45:04,724 [INFO] AI Prediction: Probability UP = 0.65 (Price: 4326.304)
2026-01-02 18:45:04,724 [INFO] AI Signals BUY (Confidence: 0.65)
2026-01-02 18:45:04,972 [INFO] OPENED BUY @ 4326.464
2026-01-02 18:45:27,836 [INFO] CLOSED 471488945. Profit: 47.5.
2026-01-02 18:49:13,258 [INFO] Bot stopping...
2026-01-02 18:49:13,258 [INFO] MT5 Closed.
2026-01-02 18:49:18,265 [INFO] Real AI Model (Random Forest) initialized.
2026-01-02 18:49:18,288 [INFO] Connected. Balance: 549.95
2026-01-02 18:49:19,338 [INFO] REAL AI Bot STARTED.
2026-01-02 18:49:19,351 [INFO] Training AI on 950 historical candles...
2026-01-02 18:49:19,564 [INFO] AI Training Complete. Model is ready to predict.
2026-01-02 18:49:19,570 [INFO] AI Prediction: Probability UP = 0.50 (Price: 4325.824)
2026-01-02 18:49:19,570 [INFO] AI is uncertain. No trade.
2026-01-02 19:00:04,801 [INFO] AI Prediction: Probability UP = 0.70 (Price: 4322.228)
2026-01-02 19:00:04,802 [INFO] AI Signals BUY (Confidence: 0.70)
2026-01-02 19:15:04,375 [INFO] AI Prediction: Probability UP = 0.63 (Price: 4314.575)
2026-01-02 19:15:04,375 [INFO] AI Signals BUY (Confidence: 0.63)
2026-01-02 19:30:04,448 [INFO] AI Prediction: Probability UP = 0.60 (Price: 4318.743)
2026-01-02 19:30:04,448 [INFO] AI is uncertain. No trade.
2026-01-02 19:45:04,864 [INFO] AI Prediction: Probability UP = 0.57 (Price: 4312.675)
2026-01-02 19:45:04,865 [INFO] AI is uncertain. No trade.
2026-01-02 20:00:04,754 [INFO] AI Prediction: Probability UP = 0.54 (Price: 4315.753)
2026-01-02 20:00:04,754 [INFO] AI is uncertain. No trade.
2026-01-02 20:15:04,716 [INFO] AI Prediction: Probability UP = 0.49 (Price: 4321.722)
2026-01-02 20:15:04,717 [INFO] AI is uncertain. No trade.
2026-01-02 20:30:04,613 [INFO] AI Prediction: Probability UP = 0.53 (Price: 4318.662)
2026-01-02 20:30:04,613 [INFO] AI is uncertain. No trade.
2026-01-02 20:45:05,052 [INFO] AI Prediction: Probability UP = 0.58 (Price: 4322.612)
2026-01-02 20:45:05,053 [INFO] AI is uncertain. No trade.
2026-01-02 21:00:05,483 [INFO] AI Prediction: Probability UP = 0.55 (Price: 4318.642)
2026-01-02 21:00:05,483 [INFO] AI is uncertain. No trade.
2026-01-02 21:15:04,878 [INFO] AI Prediction: Probability UP = 0.59 (Price: 4319.488)
2026-01-02 21:15:04,878 [INFO] AI is uncertain. No trade.
2026-01-02 21:27:22,889 [INFO] CLOSED 472071837. Profit: 20.16.
2026-01-02 21:30:05,027 [INFO] AI Prediction: Probability UP = 0.60 (Price: 4328.359)
2026-01-02 21:30:05,027 [INFO] AI Signals BUY (Confidence: 0.60)
2026-01-02 21:45:05,069 [INFO] AI Prediction: Probability UP = 0.64 (Price: 4326.908)
2026-01-02 21:45:05,069 [INFO] AI Signals BUY (Confidence: 0.64)
2026-01-02 22:00:04,707 [INFO] AI Prediction: Probability UP = 0.62 (Price: 4331.371)
2026-01-02 22:00:04,708 [INFO] AI Signals BUY (Confidence: 0.62)
2026-01-02 22:03:17,475 [INFO] Bot stopping...
2026-01-02 22:03:17,475 [INFO] MT5 Closed.
2026-01-02 22:03:33,320 [INFO] Real AI Model (Random Forest) initialized.
2026-01-02 22:03:33,343 [INFO] Connected. Balance: 570.11
2026-01-02 22:03:34,271 [INFO] REAL AI Bot STARTED.
2026-01-02 22:03:34,283 [INFO] Training AI on 950 historical candles...
2026-01-02 22:03:34,498 [INFO] AI Training Complete. Model is ready to predict.
2026-01-02 22:03:34,504 [INFO] AI Prediction: Probability UP = 0.61 (Price: 4329.605)
2026-01-02 22:03:34,504 [INFO] AI Signals BUY (Confidence: 0.61)
2026-01-02 22:03:34,747 [INFO] OPENED BUY @ 4329.765
2026-01-02 22:15:05,372 [INFO] AI Prediction: Probability UP = 0.55 (Price: 4329.154)
2026-01-02 22:15:05,372 [INFO] AI is uncertain. No trade.
2026-01-02 22:30:04,990 [INFO] AI Prediction: Probability UP = 0.51 (Price: 4328.557)
2026-01-02 22:30:04,990 [INFO] AI is uncertain. No trade.
2026-01-02 22:45:05,104 [INFO] AI Prediction: Probability UP = 0.57 (Price: 4328.426)
2026-01-02 22:45:05,105 [INFO] AI is uncertain. No trade.
2026-01-03 10:15:01,103 [INFO] Bot stopping...
2026-01-03 10:15:01,103 [INFO] MT5 Closed.
2026-01-03 10:15:33,380 [INFO] Real AI Model (Random Forest) initialized.
2026-01-03 10:15:33,405 [INFO] Connected. Balance: 572.72
2026-01-03 10:15:34,173 [INFO] REAL AI Bot STARTED.
2026-01-03 10:15:34,192 [INFO] Training AI on 950 historical candles...
2026-01-03 10:15:34,409 [INFO] AI Training Complete. Model is ready to predict.
2026-01-03 10:15:34,419 [INFO] AI Prediction: Probability UP = 0.43 (Price: 89637.65)
2026-01-03 10:15:34,419 [INFO] AI is uncertain. No trade.
2026-01-03 10:30:06,225 [INFO] AI Prediction: Probability UP = 0.29 (Price: 89758.46)
2026-01-03 10:30:06,226 [INFO] AI Signals SELL (Confidence: 0.71)
2026-01-03 10:30:06,505 [INFO] OPENED SELL @ 89758.46
2026-01-03 10:45:06,580 [INFO] AI Prediction: Probability UP = 0.55 (Price: 89903.44)
2026-01-03 10:45:06,580 [INFO] AI is uncertain. No trade.
2026-01-03 11:00:06,084 [INFO] AI Prediction: Probability UP = 0.41 (Price: 89760.11)
2026-01-03 11:00:06,085 [INFO] AI is uncertain. No trade.
2026-01-03 11:01:57,369 [INFO] CLOSED 472474534. Profit: 22.63.
2026-01-03 11:15:15,817 [INFO] AI Prediction: Probability UP = 0.39 (Price: 89705.84)
2026-01-03 11:15:15,817 [INFO] AI Signals SELL (Confidence: 0.61)
2026-01-03 11:15:16,139 [INFO] OPENED SELL @ 89705.84
2026-01-03 11:30:06,431 [INFO] AI Prediction: Probability UP = 0.37 (Price: 89741.03)
2026-01-03 11:30:06,432 [INFO] AI Signals SELL (Confidence: 0.63)
2026-01-03 11:30:06,734 [INFO] OPENED SELL @ 89741.03
2026-01-03 11:45:08,155 [INFO] AI Prediction: Probability UP = 0.32 (Price: 89770.66)
2026-01-03 11:45:08,155 [INFO] AI Signals SELL (Confidence: 0.68)
2026-01-03 11:45:08,431 [INFO] OPENED SELL @ 89770.66
2026-01-03 12:00:06,455 [INFO] AI Prediction: Probability UP = 0.37 (Price: 89716.4)
2026-01-03 12:00:06,455 [INFO] AI Signals SELL (Confidence: 0.63)
2026-01-03 12:00:06,852 [INFO] OPENED SELL @ 89716.4
2026-01-03 12:06:43,735 [INFO] CLOSED 472521974. Profit: 24.38.
2026-01-03 12:08:25,342 [INFO] CLOSED 472512294. Profit: 21.24.
2026-01-03 12:09:04,083 [INFO] CLOSED 472528805. Profit: 20.3.
2026-01-03 12:10:36,674 [INFO] CLOSED 472505858. Profit: 20.29.
2026-01-03 12:15:06,227 [INFO] AI Prediction: Probability UP = 0.28 (Price: 89646.85)
2026-01-03 12:15:06,227 [INFO] AI Signals SELL (Confidence: 0.72)
2026-01-03 12:15:06,493 [INFO] OPENED SELL @ 89646.85
2026-01-03 12:15:16,545 [ERROR] TELEGRAM CONNECT FAIL: Check Internet or DNS.
2026-01-03 12:30:07,380 [INFO] AI Prediction: Probability UP = 0.36 (Price: 89673.26)
2026-01-03 12:30:07,381 [INFO] AI Signals SELL (Confidence: 0.64)
2026-01-03 12:30:07,668 [INFO] OPENED SELL @ 89673.26
2026-01-03 12:30:18,737 [ERROR] TELEGRAM CONNECT FAIL: Check Internet or DNS.
2026-01-03 12:45:08,646 [INFO] AI Prediction: Probability UP = 0.48 (Price: 89721.6)
2026-01-03 12:45:08,646 [INFO] AI is uncertain. No trade.
2026-01-03 13:00:07,297 [INFO] AI Prediction: Probability UP = 0.51 (Price: 89697.79)
2026-01-03 13:00:07,297 [INFO] AI is uncertain. No trade.
2026-01-03 13:07:17,009 [INFO] CLOSED 472543307. Profit: 20.74.
2026-01-03 13:15:06,604 [INFO] AI Prediction: Probability UP = 0.51 (Price: 89630.15)
2026-01-03 13:15:06,604 [INFO] AI is uncertain. No trade.
2026-01-03 13:30:06,641 [INFO] AI Prediction: Probability UP = 0.42 (Price: 89733.97)
2026-01-03 13:30:06,641 [INFO] AI is uncertain. No trade.
2026-01-03 13:45:06,751 [INFO] AI Prediction: Probability UP = 0.54 (Price: 89739.47)
2026-01-03 13:45:06,752 [INFO] AI is uncertain. No trade.
2026-01-03 13:49:54,805 [INFO] Bot stopping...
2026-01-03 13:49:54,805 [INFO] MT5 Closed.
2026-01-03 13:50:20,980 [INFO] Real AI Model (Random Forest) initialized.
2026-01-03 13:50:21,006 [INFO] Connected. Balance: 703.72
2026-01-03 13:50:22,208 [INFO] REAL AI Bot STARTED.
2026-01-03 13:50:22,217 [INFO] Training AI on 950 historical candles...
2026-01-03 13:50:22,431 [INFO] AI Training Complete. Model is ready to predict.
2026-01-03 13:50:22,436 [INFO] AI Prediction: Probability UP = 0.53 (Price: 89873.62)
2026-01-03 13:50:22,437 [INFO] AI is uncertain. No trade.
2026-01-03 13:54:46,270 [INFO] Bot stopping...
2026-01-03 13:54:46,270 [INFO] MT5 Closed.
2026-01-03 13:54:51,559 [INFO] Real AI Model (Random Forest) initialized.
2026-01-03 13:54:51,581 [INFO] Connected. Balance: 703.72
2026-01-03 13:54:52,363 [INFO] REAL AI Bot STARTED.
2026-01-03 13:54:52,374 [INFO] Training AI on 950 historical candles...
2026-01-03 13:54:52,580 [INFO] AI Training Complete. Model is ready to predict.
2026-01-03 13:54:52,585 [INFO] AI Prediction: Probability UP = 0.53 (Price: 89874.57)
2026-01-03 13:54:52,586 [INFO] AI is uncertain. No trade.
2026-01-03 14:00:06,465 [INFO] AI Prediction: Probability UP = 0.61 (Price: 89973.32)
2026-01-03 14:00:06,465 [INFO] AI Signals BUY (Confidence: 0.61)
2026-01-03 14:00:06,466 [ERROR] Order Send failed. Result is None.
2026-01-03 14:08:00,916 [INFO] Bot stopping...
2026-01-03 14:08:00,916 [INFO] MT5 Closed.
2026-01-03 14:08:10,278 [INFO] Real AI Model (Random Forest) initialized.
2026-01-03 14:08:10,306 [INFO] Connected. Balance: 703.72
2026-01-03 14:08:11,636 [INFO] REAL AI Bot STARTED.
2026-01-03 14:08:11,652 [INFO] Training AI on 950 historical candles...
2026-01-03 14:08:11,934 [INFO] AI Training Complete. Model is ready to predict.
2026-01-03 14:08:11,941 [INFO] AI Prediction: Probability UP = 0.75 (Price: 89914.61)
2026-01-03 14:08:11,941 [INFO] AI Signals BUY (Confidence: 0.75)
2026-01-03 14:08:11,941 [ERROR] Order Send failed. Result is None.
2026-01-03 14:10:19,952 [INFO] Bot stopping...
2026-01-03 14:10:19,952 [INFO] MT5 Closed.
2026-01-03 14:10:55,798 [INFO] Real AI Model (Random Forest) initialized.
2026-01-03 14:10:55,824 [INFO] Connected. Balance: 703.72
2026-01-03 14:10:56,603 [INFO] REAL AI Bot STARTED.
2026-01-03 14:10:56,612 [INFO] Training AI on 950 historical candles...
2026-01-03 14:10:56,824 [INFO] AI Training Complete. Model is ready to predict.
2026-01-03 14:10:56,830 [INFO] AI Prediction: Probability UP = 0.69 (Price: 89882.43)
2026-01-03 14:10:56,830 [INFO] AI Signals BUY (Confidence: 0.69)
2026-01-03 14:10:57,109 [INFO] OPENED BUY @ 89900.43
2026-01-03 14:15:06,854 [INFO] AI Prediction: Probability UP = 0.65 (Price: 89893.45)
2026-01-03 14:15:06,854 [INFO] AI Signals BUY (Confidence: 0.65)
2026-01-03 14:15:07,133 [INFO] OPENED BUY @ 89911.45
2026-01-03 14:24:31,525 [INFO] CLOSED 472607620. Profit: 53.8.
2026-01-03 14:28:34,124 [INFO] Bot stopping...
2026-01-03 14:28:34,124 [INFO] MT5 Closed.
2026-01-03 20:05:48,788 [INFO] Real AI Model (Random Forest) initialized.
2026-01-03 20:05:48,832 [INFO] Connected. Balance: 1411.29
2026-01-03 20:05:49,788 [INFO] REAL AI Bot STARTED.
2026-01-03 20:05:49,800 [INFO] Training AI on 950 historical candles...
2026-01-03 20:05:50,045 [INFO] AI Training Complete. Model is ready to predict.
2026-01-03 20:05:50,052 [INFO] AI Prediction: Probability UP = 0.28 (Price: 90070.62)
2026-01-03 20:05:50,052 [INFO] AI Signals SELL (Confidence: 0.72)
2026-01-03 20:05:50,385 [INFO] OPENED SELL @ 90070.62
2026-01-03 20:08:16,012 [INFO] Bot stopping...
2026-01-03 20:08:16,013 [INFO] MT5 Closed.
2026-01-03 20:12:47,315 [INFO] Real AI Model (Random Forest) initialized.
2026-01-03 20:12:47,357 [INFO] Connected. Balance: 1411.29
2026-01-03 20:12:48,529 [INFO] REAL AI Bot STARTED.
2026-01-03 20:12:48,544 [INFO] Training AI on 950 historical candles...
2026-01-03 20:12:48,802 [INFO] AI Training Complete. Model is ready to predict.
2026-01-03 20:12:48,807 [INFO] AI Prediction: Probability UP = 0.65 (Price: 90020.38)
2026-01-03 20:12:48,808 [INFO] AI Signals BUY (Confidence: 0.65)
2026-01-03 20:12:49,119 [INFO] OPENED BUY @ 90040.08
2026-01-03 20:15:01,543 [INFO] Bot stopping...
2026-01-03 20:15:01,543 [INFO] MT5 Closed.
